Archive member included to satisfy reference by file (symbol)

d:/programs/truestudio for stm32 9.2.0/armtools/bin/../lib/gcc/arm-atollic-eabi/6.3.1/../../../../arm-atollic-eabi/lib/armv7-m\libc_nano.a(lib_a-init.o)
                              startup\startup_stm32f103xb.o (__libc_init_array)
d:/programs/truestudio for stm32 9.2.0/armtools/bin/../lib/gcc/arm-atollic-eabi/6.3.1/../../../../arm-atollic-eabi/lib/armv7-m\libc_nano.a(lib_a-memset.o)
                              Drivers\STM32F1xx_HAL_Driver\Src\stm32f1xx_hal_rcc.o (memset)
d:/programs/truestudio for stm32 9.2.0/armtools/bin/../lib/gcc/arm-atollic-eabi/6.3.1/armv7-m\libgcc.a(_lshrdi3.o)
                              Drivers\STM32F1xx_HAL_Driver\Src\stm32f1xx_hal_flash.o (__aeabi_llsr)

Allocating common symbols
Common symbol       size              file

hUsbDeviceFS        0x224             Src\usb_device.o
uwTick              0x4               Drivers\STM32F1xx_HAL_Driver\Src\stm32f1xx_hal.o
dataToSend          0xa               Src\ProcessingData.o
pFlash              0x20              Drivers\STM32F1xx_HAL_Driver\Src\stm32f1xx_hal_flash.o
htim3               0x40              Src\main.o
dataToReceive       0xa               Src\ProcessingData.o
hadc1               0x30              Src\main.o
Data                0xa               Src\usbd_custom_hid_if.o
hdma_adc1           0x44              Src\main.o
hpcd_USB_FS         0x460             Src\usbd_conf.o
USBD_StrDesc        0x200             Src\usbd_desc.o
ADC_Data            0x4               Src\ProcessingData.o

Discarded input sections

 .text          0x00000000        0x0 d:/programs/truestudio for stm32 9.2.0/armtools/bin/../lib/gcc/arm-atollic-eabi/6.3.1/armv7-m/crti.o
 .data          0x00000000        0x0 d:/programs/truestudio for stm32 9.2.0/armtools/bin/../lib/gcc/arm-atollic-eabi/6.3.1/armv7-m/crti.o
 .bss           0x00000000        0x0 d:/programs/truestudio for stm32 9.2.0/armtools/bin/../lib/gcc/arm-atollic-eabi/6.3.1/armv7-m/crti.o
 .data          0x00000000        0x4 d:/programs/truestudio for stm32 9.2.0/armtools/bin/../lib/gcc/arm-atollic-eabi/6.3.1/armv7-m/crtbegin.o
 .text          0x00000000        0x0 Drivers\STM32F1xx_HAL_Driver\Src\stm32f1xx_hal.o
 .data          0x00000000        0x0 Drivers\STM32F1xx_HAL_Driver\Src\stm32f1xx_hal.o
 .bss           0x00000000        0x0 Drivers\STM32F1xx_HAL_Driver\Src\stm32f1xx_hal.o
 .text.HAL_MspInit
                0x00000000        0x2 Drivers\STM32F1xx_HAL_Driver\Src\stm32f1xx_hal.o
 .text.HAL_MspDeInit
                0x00000000        0x2 Drivers\STM32F1xx_HAL_Driver\Src\stm32f1xx_hal.o
 .text.HAL_DeInit
                0x00000000       0x20 Drivers\STM32F1xx_HAL_Driver\Src\stm32f1xx_hal.o
 .text.HAL_GetTickPrio
                0x00000000        0xc Drivers\STM32F1xx_HAL_Driver\Src\stm32f1xx_hal.o
 .text.HAL_SetTickFreq
                0x00000000       0x24 Drivers\STM32F1xx_HAL_Driver\Src\stm32f1xx_hal.o
 .text.HAL_GetTickFreq
                0x00000000        0xc Drivers\STM32F1xx_HAL_Driver\Src\stm32f1xx_hal.o
 .text.HAL_Delay
                0x00000000       0x24 Drivers\STM32F1xx_HAL_Driver\Src\stm32f1xx_hal.o
 .text.HAL_SuspendTick
                0x00000000       0x10 Drivers\STM32F1xx_HAL_Driver\Src\stm32f1xx_hal.o
 .text.HAL_ResumeTick
                0x00000000       0x10 Drivers\STM32F1xx_HAL_Driver\Src\stm32f1xx_hal.o
 .text.HAL_GetHalVersion
                0x00000000        0x8 Drivers\STM32F1xx_HAL_Driver\Src\stm32f1xx_hal.o
 .text.HAL_GetREVID
                0x00000000        0xc Drivers\STM32F1xx_HAL_Driver\Src\stm32f1xx_hal.o
 .text.HAL_GetDEVID
                0x00000000       0x10 Drivers\STM32F1xx_HAL_Driver\Src\stm32f1xx_hal.o
 .text.HAL_DBGMCU_EnableDBGSleepMode
                0x00000000       0x10 Drivers\STM32F1xx_HAL_Driver\Src\stm32f1xx_hal.o
 .text.HAL_DBGMCU_DisableDBGSleepMode
                0x00000000       0x10 Drivers\STM32F1xx_HAL_Driver\Src\stm32f1xx_hal.o
 .text.HAL_DBGMCU_EnableDBGStopMode
                0x00000000       0x10 Drivers\STM32F1xx_HAL_Driver\Src\stm32f1xx_hal.o
 .text.HAL_DBGMCU_DisableDBGStopMode
                0x00000000       0x10 Drivers\STM32F1xx_HAL_Driver\Src\stm32f1xx_hal.o
 .text.HAL_DBGMCU_EnableDBGStandbyMode
                0x00000000       0x10 Drivers\STM32F1xx_HAL_Driver\Src\stm32f1xx_hal.o
 .text.HAL_DBGMCU_DisableDBGStandbyMode
                0x00000000       0x10 Drivers\STM32F1xx_HAL_Driver\Src\stm32f1xx_hal.o
 .text.HAL_GetUID
                0x00000000       0x20 Drivers\STM32F1xx_HAL_Driver\Src\stm32f1xx_hal.o
 .text          0x00000000        0x0 Drivers\STM32F1xx_HAL_Driver\Src\stm32f1xx_hal_adc.o
 .data          0x00000000        0x0 Drivers\STM32F1xx_HAL_Driver\Src\stm32f1xx_hal_adc.o
 .bss           0x00000000        0x0 Drivers\STM32F1xx_HAL_Driver\Src\stm32f1xx_hal_adc.o
 .text.HAL_ADC_MspInit
                0x00000000        0x2 Drivers\STM32F1xx_HAL_Driver\Src\stm32f1xx_hal_adc.o
 .text.HAL_ADC_MspDeInit
[...]
Memory Configuration

Name             Origin             Length             Attributes
RAM              0x20000000         0x00005000         xrw
FLASH            0x08000000         0x00010000         xr
*default*        0x00000000         0xffffffff

Linker script and memory map

LOAD d:/programs/truestudio for stm32 9.2.0/armtools/bin/../lib/gcc/arm-atollic-eabi/6.3.1/armv7-m/crti.o
LOAD d:/programs/truestudio for stm32 9.2.0/armtools/bin/../lib/gcc/arm-atollic-eabi/6.3.1/armv7-m/crtbegin.o
LOAD Drivers\STM32F1xx_HAL_Driver\Src\stm32f1xx_hal.o
LOAD Drivers\STM32F1xx_HAL_Driver\Src\stm32f1xx_hal_adc.o
LOAD Drivers\STM32F1xx_HAL_Driver\Src\stm32f1xx_hal_adc_ex.o
LOAD Drivers\STM32F1xx_HAL_Driver\Src\stm32f1xx_hal_cortex.o
LOAD Drivers\STM32F1xx_HAL_Driver\Src\stm32f1xx_hal_dma.o
LOAD Drivers\STM32F1xx_HAL_Driver\Src\stm32f1xx_hal_flash.o
LOAD Drivers\STM32F1xx_HAL_Driver\Src\stm32f1xx_hal_flash_ex.o
LOAD Drivers\STM32F1xx_HAL_Driver\Src\stm32f1xx_hal_gpio.o
LOAD Drivers\STM32F1xx_HAL_Driver\Src\stm32f1xx_hal_gpio_ex.o
LOAD Drivers\STM32F1xx_HAL_Driver\Src\stm32f1xx_hal_pcd.o
LOAD Drivers\STM32F1xx_HAL_Driver\Src\stm32f1xx_hal_pcd_ex.o
LOAD Drivers\STM32F1xx_HAL_Driver\Src\stm32f1xx_hal_pwr.o
LOAD Drivers\STM32F1xx_HAL_Driver\Src\stm32f1xx_hal_rcc.o
LOAD Drivers\STM32F1xx_HAL_Driver\Src\stm32f1xx_hal_rcc_ex.o
LOAD Drivers\STM32F1xx_HAL_Driver\Src\stm32f1xx_hal_tim.o
LOAD Drivers\STM32F1xx_HAL_Driver\Src\stm32f1xx_hal_tim_ex.o
LOAD Drivers\STM32F1xx_HAL_Driver\Src\stm32f1xx_ll_usb.o
LOAD Middlewares\ST\STM32_USB_Device_Library\Class\CustomHID\Src\usbd_customhid.o
LOAD Middlewares\ST\STM32_USB_Device_Library\Core\Src\usbd_core.o
LOAD Middlewares\ST\STM32_USB_Device_Library\Core\Src\usbd_ctlreq.o
LOAD Middlewares\ST\STM32_USB_Device_Library\Core\Src\usbd_ioreq.o
LOAD Src\ProcessingData.o
LOAD Src\main.o
LOAD Src\stm32f1xx_hal_msp.o
LOAD Src\stm32f1xx_it.o
LOAD Src\system_stm32f1xx.o
LOAD Src\usb_device.o
LOAD Src\usbd_conf.o
LOAD Src\usbd_custom_hid_if.o
LOAD Src\usbd_desc.o
LOAD startup\startup_stm32f103xb.o
                0x00000080                malloc_getpagesize_P = 0x80
START GROUP
LOAD d:/programs/truestudio for stm32 9.2.0/armtools/bin/../lib/gcc/arm-atollic-eabi/6.3.1/../../../../arm-atollic-eabi/lib/armv7-m\libc_nano.a
LOAD d:/programs/truestudio for stm32 9.2.0/armtools/bin/../lib/gcc/arm-atollic-eabi/6.3.1/../../../../arm-atollic-eabi/lib/armv7-m\libm.a
END GROUP
START GROUP
LOAD d:/programs/truestudio for stm32 9.2.0/armtools/bin/../lib/gcc/arm-atollic-eabi/6.3.1/armv7-m\libgcc.a
LOAD d:/programs/truestudio for stm32 9.2.0/armtools/bin/../lib/gcc/arm-atollic-eabi/6.3.1/../../../../arm-atollic-eabi/lib/armv7-m\libc_nano.a
END GROUP
START GROUP
LOAD d:/programs/truestudio for stm32 9.2.0/armtools/bin/../lib/gcc/arm-atollic-eabi/6.3.1/armv7-m\libgcc.a
LOAD d:/programs/truestudio for stm32 9.2.0/armtools/bin/../lib/gcc/arm-atollic-eabi/6.3.1/../../../../arm-atollic-eabi/lib/armv7-m\libc_nano.a
LOAD d:/programs/truestudio for stm32 9.2.0/armtools/bin/../lib/gcc/arm-atollic-eabi/6.3.1/../../../../arm-atollic-eabi/lib/armv7-m\libnosys.a
END GROUP
START GROUP
LOAD d:/programs/truestudio for stm32 9.2.0/armtools/bin/../lib/gcc/arm-atollic-eabi/6.3.1/armv7-m\libgcc.a
LOAD d:/programs/truestudio for stm32 9.2.0/armtools/bin/../lib/gcc/arm-atollic-eabi/6.3.1/../../../../arm-atollic-eabi/lib/armv7-m\libc_nano.a
LOAD d:/programs/truestudio for stm32 9.2.0/armtools/bin/../lib/gcc/arm-atollic-eabi/6.3.1/../../../../arm-atollic-eabi/lib/armv7-m\libnosys.a
END GROUP
LOAD d:/programs/truestudio for stm32 9.2.0/armtools/bin/../lib/gcc/arm-atollic-eabi/6.3.1/armv7-m/crtend.o
LOAD d:/programs/truestudio for stm32 9.2.0/armtools/bin/../lib/gcc/arm-atollic-eabi/6.3.1/armv7-m/crtn.o
                0x20005000                _estack = 0x20005000
                0x00000200                _Min_Heap_Size = 0x200
                0x00000400                _Min_Stack_Size = 0x400

.isr_vector     0x08000000      0x10c
                0x08000000                . = ALIGN (0x4)
 *(.isr_vector)
 .isr_vector    0x08000000      0x10c startup\startup_stm32f103xb.o
                0x08000000                g_pfnVectors
                0x0800010c                . = ALIGN (0x4)

.text           0x0800010c     0x36cc
                0x0800010c                . = ALIGN (0x4)
 *(.text)
 .text          0x0800010c       0x40 d:/programs/truestudio for stm32 9.2.0/armtools/bin/../lib/gcc/arm-atollic-eabi/6.3.1/armv7-m/crtbegin.o
 *(.text*)
 .text.HAL_InitTick
                0x0800014c       0x48 Drivers\STM32F1xx_HAL_Driver\Src\stm32f1xx_hal.o
                0x0800014c                HAL_InitTick
 .text.HAL_Init
                0x08000194       0x24 Drivers\STM32F1xx_HAL_Driver\Src\stm32f1xx_hal.o
                0x08000194                HAL_Init
 .text.HAL_IncTick
                0x080001b8       0x18 Drivers\STM32F1xx_HAL_Driver\Src\stm32f1xx_hal.o
                0x080001b8                HAL_IncTick
 .text.HAL_GetTick
                0x080001d0        0xc Drivers\STM32F1xx_HAL_Driver\Src\stm32f1xx_hal.o
                0x080001d0                HAL_GetTick
 .text.HAL_ADC_ConvCpltCallback
                0x080001dc        0x2 Drivers\STM32F1xx_HAL_Driver\Src\stm32f1xx_hal_adc.o
                0x080001dc                HAL_ADC_ConvCpltCallback
 .text.ADC_DMAConvCplt
                0x080001de       0x4e Drivers\STM32F1xx_HAL_Driver\Src\stm32f1xx_hal_adc.o
                0x080001de                ADC_DMAConvCplt
 .text.HAL_ADC_ConvHalfCpltCallback
                0x0800022c        0x2 Drivers\STM32F1xx_HAL_Driver\Src\stm32f1xx_hal_adc.o
                0x0800022c                HAL_ADC_ConvHalfCpltCallback
 .text.ADC_DMAHalfConvCplt
                0x0800022e        0xa Drivers\STM32F1xx_HAL_Driver\Src\stm32f1xx_hal_adc.o
                0x0800022e                ADC_DMAHalfConvCplt
 .text.HAL_ADC_ErrorCallback
                0x08000238        0x2 Drivers\STM32F1xx_HAL_Driver\Src\stm32f1xx_hal_adc.o
                0x08000238                HAL_ADC_ErrorCallback
 .text.ADC_DMAError
                0x0800023a       0x1a Drivers\STM32F1xx_HAL_Driver\Src\stm32f1xx_hal_adc.o
                0x0800023a                ADC_DMAError
 .text.HAL_ADC_ConfigChannel
                0x08000254      0x108 Drivers\STM32F1xx_HAL_Driver\Src\stm32f1xx_hal_adc.o
                0x08000254                HAL_ADC_ConfigChannel
 .text.ADC_Enable
                0x0800035c       0x70 Drivers\STM32F1xx_HAL_Driver\Src\stm32f1xx_hal_adc.o
                0x0800035c                ADC_Enable
 .text.HAL_ADC_Start_DMA
                0x080003cc      0x11c Drivers\STM32F1xx_HAL_Driver\Src\stm32f1xx_hal_adc.o
                0x080003cc                HAL_ADC_Start_DMA
 .text.ADC_ConversionStop_Disable
                0x080004e8       0x44 Drivers\STM32F1xx_HAL_Driver\Src\stm32f1xx_hal_adc.o
                0x080004e8                ADC_ConversionStop_Disable
 .text.HAL_ADC_Init
                0x0800052c      0x100 Drivers\STM32F1xx_HAL_Driver\Src\stm32f1xx_hal_adc.o
                0x0800052c                HAL_ADC_Init
 .text.HAL_NVIC_SetPriorityGrouping
                0x0800062c       0x24 Drivers\STM32F1xx_HAL_Driver\Src\stm32f1xx_hal_cortex.o
                0x0800062c                HAL_NVIC_SetPriorityGrouping
 .text.HAL_NVIC_SetPriority
                0x08000650       0x68 Drivers\STM32F1xx_HAL_Driver\Src\stm32f1xx_hal_cortex.o
                0x08000650                HAL_NVIC_SetPriority
 .text.HAL_NVIC_EnableIRQ
                0x080006b8       0x18 Drivers\STM32F1xx_HAL_Driver\Src\stm32f1xx_hal_cortex.o
                0x080006b8                HAL_NVIC_EnableIRQ
 .text.HAL_SYSTICK_Config
                0x080006d0       0x2c Drivers\STM32F1xx_HAL_Driver\Src\stm32f1xx_hal_cortex.o
                0x080006d0                HAL_SYSTICK_Config
 .text.HAL_DMA_Init
                0x080006fc       0x60 Drivers\STM32F1xx_HAL_Driver\Src\stm32f1xx_hal_dma.o
                0x080006fc                HAL_DMA_Init
 .text.HAL_DMA_Start_IT
                0x0800075c       0x7a Drivers\STM32F1xx_HAL_Driver\Src\stm32f1xx_hal_dma.o
                0x0800075c                HAL_DMA_Start_IT
 *fill*         0x080007d6        0x2 
 .text.HAL_DMA_IRQHandler
                0x080007d8      0x128 Drivers\STM32F1xx_HAL_Driver\Src\stm32f1xx_hal_dma.o
                0x080007d8                HAL_DMA_IRQHandler
 .text.HAL_GPIO_Init
                0x08000900      0x1c0 Drivers\STM32F1xx_HAL_Driver\Src\stm32f1xx_hal_gpio.o
                0x08000900                HAL_GPIO_Init
 .text.HAL_GPIO_ReadPin
                0x08000ac0        0xc Drivers\STM32F1xx_HAL_Driver\Src\stm32f1xx_hal_gpio.o
                0x08000ac0                HAL_GPIO_ReadPin
 .text.HAL_GPIO_WritePin
                0x08000acc        0xa Drivers\STM32F1xx_HAL_Driver\Src\stm32f1xx_hal_gpio.o
                0x08000acc                HAL_GPIO_WritePin
 .text.HAL_GPIO_TogglePin
                0x08000ad6        0x8 Drivers\STM32F1xx_HAL_Driver\Src\stm32f1xx_hal_gpio.o
                0x08000ad6                HAL_GPIO_TogglePin
 .text.HAL_PCD_Init
                0x08000ade       0xd2 Drivers\STM32F1xx_HAL_Driver\Src\stm32f1xx_hal_pcd.o
                0x08000ade                HAL_PCD_Init
 .text.HAL_PCD_Start
                0x08000bb0       0x2e Drivers\STM32F1xx_HAL_Driver\Src\stm32f1xx_hal_pcd.o
                0x08000bb0                HAL_PCD_Start
 .text.HAL_PCD_SetAddress
                0x08000bde       0x28 Drivers\STM32F1xx_HAL_Driver\Src\stm32f1xx_hal_pcd.o
                0x08000bde                HAL_PCD_SetAddress
 .text.HAL_PCD_EP_Open
                0x08000c06       0x46 Drivers\STM32F1xx_HAL_Driver\Src\stm32f1xx_hal_pcd.o
                0x08000c06                HAL_PCD_EP_Open
 .text.HAL_PCD_EP_Close
                0x08000c4c       0x42 Drivers\STM32F1xx_HAL_Driver\Src\stm32f1xx_hal_pcd.o
                0x08000c4c                HAL_PCD_EP_Close
 .text.HAL_PCD_EP_Receive
                0x08000c8e       0x30 Drivers\STM32F1xx_HAL_Driver\Src\stm32f1xx_hal_pcd.o
                0x08000c8e                HAL_PCD_EP_Receive
 .text.HAL_PCD_EP_Transmit
                0x08000cbe       0x2c Drivers\STM32F1xx_HAL_Driver\Src\stm32f1xx_hal_pcd.o
                0x08000cbe                HAL_PCD_EP_Transmit
 *fill*         0x08000cea        0x2 
 .text.HAL_PCD_IRQHandler
                0x08000cec      0x4f0 Drivers\STM32F1xx_HAL_Driver\Src\stm32f1xx_hal_pcd.o
                0x08000cec                HAL_PCD_IRQHandler
 .text.HAL_PCD_EP_SetStall
                0x080011dc       0x52 Drivers\STM32F1xx_HAL_Driver\Src\stm32f1xx_hal_pcd.o
                0x080011dc                HAL_PCD_EP_SetStall
 .text.HAL_PCD_EP_ClrStall
                0x0800122e       0x46 Drivers\STM32F1xx_HAL_Driver\Src\stm32f1xx_hal_pcd.o
                0x0800122e                HAL_PCD_EP_ClrStall
 .text.HAL_PCDEx_PMAConfig
                0x08001274       0x30 Drivers\STM32F1xx_HAL_Driver\Src\stm32f1xx_hal_pcd_ex.o
                0x08001274                HAL_PCDEx_PMAConfig
 .text.HAL_RCC_OscConfig
                0x080012a4      0x318 Drivers\STM32F1xx_HAL_Driver\Src\stm32f1xx_hal_rcc.o
                0x080012a4                HAL_RCC_OscConfig
 .text.HAL_RCC_GetSysClockFreq
                0x080015bc       0x78 Drivers\STM32F1xx_HAL_Driver\Src\stm32f1xx_hal_rcc.o
                0x080015bc                HAL_RCC_GetSysClockFreq
 .text.HAL_RCC_ClockConfig
                0x08001634      0x164 Drivers\STM32F1xx_HAL_Driver\Src\stm32f1xx_hal_rcc.o
                0x08001634                HAL_RCC_ClockConfig
 .text.HAL_RCCEx_PeriphCLKConfig
                0x08001798       0xf0 Drivers\STM32F1xx_HAL_Driver\Src\stm32f1xx_hal_rcc_ex.o
                0x08001798                HAL_RCCEx_PeriphCLKConfig
 .text.TIM_OC1_SetConfig
                0x08001888       0x50 Drivers\STM32F1xx_HAL_Driver\Src\stm32f1xx_hal_tim.o
 .text.TIM_OC3_SetConfig
                0x080018d8       0x54 Drivers\STM32F1xx_HAL_Driver\Src\stm32f1xx_hal_tim.o
 .text.TIM_OC4_SetConfig
                0x0800192c       0x44 Drivers\STM32F1xx_HAL_Driver\Src\stm32f1xx_hal_tim.o
 .text.HAL_TIM_Base_Start_IT
                0x08001970       0x16 Drivers\STM32F1xx_HAL_Driver\Src\stm32f1xx_hal_tim.o
                0x08001970                HAL_TIM_Base_Start_IT
 .text.HAL_TIM_PWM_MspInit
                0x08001986        0x2 Drivers\STM32F1xx_HAL_Driver\Src\stm32f1xx_hal_tim.o
                0x08001986                HAL_TIM_PWM_MspInit
 .text.HAL_TIM_ConfigClockSource
                0x08001988      0x172 Drivers\STM32F1xx_HAL_Driver\Src\stm32f1xx_hal_tim.o
                0x08001988                HAL_TIM_ConfigClockSource
 *fill*         0x08001afa        0x2 
 .text.TIM_Base_SetConfig
                0x08001afc       0x70 Drivers\STM32F1xx_HAL_Driver\Src\stm32f1xx_hal_tim.o
                0x08001afc                TIM_Base_SetConfig
 .text.HAL_TIM_Base_Init
                0x08001b6c       0x34 Drivers\STM32F1xx_HAL_Driver\Src\stm32f1xx_hal_tim.o
                0x08001b6c                HAL_TIM_Base_Init
 .text.HAL_TIM_PWM_Init
                0x08001ba0       0x34 Drivers\STM32F1xx_HAL_Driver\Src\stm32f1xx_hal_tim.o
                0x08001ba0                HAL_TIM_PWM_Init
 .text.TIM_OC2_SetConfig
                0x08001bd4       0x58 Drivers\STM32F1xx_HAL_Driver\Src\stm32f1xx_hal_tim.o
                0x08001bd4                TIM_OC2_SetConfig
 .text.HAL_TIM_PWM_ConfigChannel
                0x08001c2c       0xc4 Drivers\STM32F1xx_HAL_Driver\Src\stm32f1xx_hal_tim.o
                0x08001c2c                HAL_TIM_PWM_ConfigChannel
 .text.TIM_CCxChannelCmd
                0x08001cf0       0x18 Drivers\STM32F1xx_HAL_Driver\Src\stm32f1xx_hal_tim.o
                0x08001cf0                TIM_CCxChannelCmd
 .text.HAL_TIM_PWM_Start
                0x08001d08       0x2c Drivers\STM32F1xx_HAL_Driver\Src\stm32f1xx_hal_tim.o
                0x08001d08                HAL_TIM_PWM_Start
 .text.HAL_TIMEx_MasterConfigSynchronization
                0x08001d34       0x44 Drivers\STM32F1xx_HAL_Driver\Src\stm32f1xx_hal_tim_ex.o
                0x08001d34                HAL_TIMEx_MasterConfigSynchronization
 .text.USB_CoreInit
                0x08001d78        0xe Drivers\STM32F1xx_HAL_Driver\Src\stm32f1xx_ll_usb.o
                0x08001d78                USB_CoreInit
 .text.USB_EnableGlobalInt
                0x08001d86       0x12 Drivers\STM32F1xx_HAL_Driver\Src\stm32f1xx_ll_usb.o
                0x08001d86                USB_EnableGlobalInt
 .text.USB_DisableGlobalInt
                0x08001d98       0x14 Drivers\STM32F1xx_HAL_Driver\Src\stm32f1xx_ll_usb.o
                0x08001d98                USB_DisableGlobalInt
 .text.USB_SetCurrentMode
                0x08001dac        0x4 Drivers\STM32F1xx_HAL_Driver\Src\stm32f1xx_ll_usb.o
                0x08001dac                USB_SetCurrentMode
 .text.USB_DevInit
                0x08001db0       0x36 Drivers\STM32F1xx_HAL_Driver\Src\stm32f1xx_ll_usb.o
                0x08001db0                USB_DevInit
 *fill*         0x08001de6        0x2 
 .text.USB_ActivateEndpoint
                0x08001de8      0x2e4 Drivers\STM32F1xx_HAL_Driver\Src\stm32f1xx_ll_usb.o
                0x08001de8                USB_ActivateEndpoint
 .text.USB_DeactivateEndpoint
                0x080020cc      0x19c Drivers\STM32F1xx_HAL_Driver\Src\stm32f1xx_ll_usb.o
                0x080020cc                USB_DeactivateEndpoint
 .text.USB_EPSetStall
                0x08002268       0x64 Drivers\STM32F1xx_HAL_Driver\Src\stm32f1xx_ll_usb.o
                0x08002268                USB_EPSetStall
 .text.USB_EPClearStall
                0x080022cc       0x84 Drivers\STM32F1xx_HAL_Driver\Src\stm32f1xx_ll_usb.o
                0x080022cc                USB_EPClearStall
 .text.USB_SetDevAddress
                0x08002350        0xc Drivers\STM32F1xx_HAL_Driver\Src\stm32f1xx_ll_usb.o
                0x08002350                USB_SetDevAddress
 .text.USB_DevConnect
                0x0800235c        0x4 Drivers\STM32F1xx_HAL_Driver\Src\stm32f1xx_ll_usb.o
                0x0800235c                USB_DevConnect
 .text.USB_DevDisconnect
                0x08002360        0x4 Drivers\STM32F1xx_HAL_Driver\Src\stm32f1xx_ll_usb.o
                0x08002360                USB_DevDisconnect
 .text.USB_ReadInterrupts
                0x08002364        0x8 Drivers\STM32F1xx_HAL_Driver\Src\stm32f1xx_ll_usb.o
                0x08002364                USB_ReadInterrupts
 .text.USB_EP0_OutStart
                0x0800236c        0x4 Drivers\STM32F1xx_HAL_Driver\Src\stm32f1xx_ll_usb.o
                0x0800236c                USB_EP0_OutStart
 .text.USB_WritePMA
                0x08002370       0x22 Drivers\STM32F1xx_HAL_Driver\Src\stm32f1xx_ll_usb.o
                0x08002370                USB_WritePMA
 *fill*         0x08002392        0x2 
 .text.USB_EPStartXfer
                0x08002394      0x200 Drivers\STM32F1xx_HAL_Driver\Src\stm32f1xx_ll_usb.o
                0x08002394                USB_EPStartXfer
 .text.USB_ReadPMA
                0x08002594       0x22 Drivers\STM32F1xx_HAL_Driver\Src\stm32f1xx_ll_usb.o
                0x08002594                USB_ReadPMA
 *fill*         0x080025b6        0x2 
 .text.USBD_CUSTOM_HID_GetCfgDesc
                0x080025b8        0xc Middlewares\ST\STM32_USB_Device_Library\Class\CustomHID\Src\usbd_customhid.o
 .text.USBD_CUSTOM_HID_DataIn
                0x080025c4        0xa Middlewares\ST\STM32_USB_Device_Library\Class\CustomHID\Src\usbd_customhid.o
 .text.USBD_CUSTOM_HID_EP0_RxReady
                0x080025ce       0x20 Middlewares\ST\STM32_USB_Device_Library\Class\CustomHID\Src\usbd_customhid.o
 *fill*         0x080025ee        0x2 
 .text.USBD_CUSTOM_HID_GetDeviceQualifierDesc
                0x080025f0        0xc Middlewares\ST\STM32_USB_Device_Library\Class\CustomHID\Src\usbd_customhid.o
 .text.USBD_CUSTOM_HID_DataOut
                0x080025fc       0x24 Middlewares\ST\STM32_USB_Device_Library\Class\CustomHID\Src\usbd_customhid.o
 .text.USBD_CUSTOM_HID_Setup
                0x08002620       0xc0 Middlewares\ST\STM32_USB_Device_Library\Class\CustomHID\Src\usbd_customhid.o
 .text.USBD_CUSTOM_HID_DeInit
                0x080026e0       0x32 Middlewares\ST\STM32_USB_Device_Library\Class\CustomHID\Src\usbd_customhid.o
 .text.USBD_CUSTOM_HID_Init
                0x08002712       0x48 Middlewares\ST\STM32_USB_Device_Library\Class\CustomHID\Src\usbd_customhid.o
 .text.USBD_CUSTOM_HID_SendReport
                0x0800275a       0x24 Middlewares\ST\STM32_USB_Device_Library\Class\CustomHID\Src\usbd_customhid.o
                0x0800275a                USBD_CUSTOM_HID_SendReport
 .text.USBD_CUSTOM_HID_RegisterInterface
                0x0800277e        0xe Middlewares\ST\STM32_USB_Device_Library\Class\CustomHID\Src\usbd_customhid.o
                0x0800277e                USBD_CUSTOM_HID_RegisterInterface
 .text.USBD_Init
                0x0800278c       0x2a Middlewares\ST\STM32_USB_Device_Library\Core\Src\usbd_core.o
                0x0800278c                USBD_Init
 .text.USBD_RegisterClass
                0x080027b6        0xe Middlewares\ST\STM32_USB_Device_Library\Core\Src\usbd_core.o
                0x080027b6                USBD_RegisterClass
 .text.USBD_Start
                0x080027c4        0xa Middlewares\ST\STM32_USB_Device_Library\Core\Src\usbd_core.o
                0x080027c4                USBD_Start
 .text.USBD_SetClassConfig
                0x080027ce       0x16 Middlewares\ST\STM32_USB_Device_Library\Core\Src\usbd_core.o
                0x080027ce                USBD_SetClassConfig
 .text.USBD_ClrClassConfig
                0x080027e4        0xe Middlewares\ST\STM32_USB_Device_Library\Core\Src\usbd_core.o
                0x080027e4                USBD_ClrClassConfig
 .text.USBD_LL_SetupStage
                0x080027f2       0x5a Middlewares\ST\STM32_USB_Device_Library\Core\Src\usbd_core.o
                0x080027f2                USBD_LL_SetupStage
 .text.USBD_LL_DataOutStage
                0x0800284c       0x64 Middlewares\ST\STM32_USB_Device_Library\Core\Src\usbd_core.o
                0x0800284c                USBD_LL_DataOutStage
 .text.USBD_LL_DataInStage
                0x080028b0       0x9e Middlewares\ST\STM32_USB_Device_Library\Core\Src\usbd_core.o
                0x080028b0                USBD_LL_DataInStage
 .text.USBD_LL_Reset
                0x0800294e       0x3e Middlewares\ST\STM32_USB_Device_Library\Core\Src\usbd_core.o
                0x0800294e                USBD_LL_Reset
 .text.USBD_LL_SetSpeed
                0x0800298c        0x6 Middlewares\ST\STM32_USB_Device_Library\Core\Src\usbd_core.o
                0x0800298c                USBD_LL_SetSpeed
 .text.USBD_LL_Suspend
                0x08002992       0x12 Middlewares\ST\STM32_USB_Device_Library\Core\Src\usbd_core.o
                0x08002992                USBD_LL_Suspend
 .text.USBD_LL_Resume
                0x080029a4        0xc Middlewares\ST\STM32_USB_Device_Library\Core\Src\usbd_core.o
                0x080029a4                USBD_LL_Resume
 .text.USBD_LL_SOF
                0x080029b0       0x18 Middlewares\ST\STM32_USB_Device_Library\Core\Src\usbd_core.o
                0x080029b0                USBD_LL_SOF
 .text.USBD_CtlError.constprop.0
                0x080029c8       0x16 Middlewares\ST\STM32_USB_Device_Library\Core\Src\usbd_ctlreq.o
 *fill*         0x080029de        0x2 
 .text.USBD_StdDevReq
                0x080029e0      0x204 Middlewares\ST\STM32_USB_Device_Library\Core\Src\usbd_ctlreq.o
                0x080029e0                USBD_StdDevReq
 .text.USBD_StdItfReq
                0x08002be4       0x30 Middlewares\ST\STM32_USB_Device_Library\Core\Src\usbd_ctlreq.o
                0x08002be4                USBD_StdItfReq
 .text.USBD_StdEPReq
                0x08002c14       0xc6 Middlewares\ST\STM32_USB_Device_Library\Core\Src\usbd_ctlreq.o
                0x08002c14                USBD_StdEPReq
 .text.USBD_ParseSetupRequest
                0x08002cda       0x28 Middlewares\ST\STM32_USB_Device_Library\Core\Src\usbd_ctlreq.o
                0x08002cda                USBD_ParseSetupRequest
 .text.USBD_CtlError
                0x08002d02       0x16 Middlewares\ST\STM32_USB_Device_Library\Core\Src\usbd_ctlreq.o
                0x08002d02                USBD_CtlError
 .text.USBD_GetString
                0x08002d18       0x38 Middlewares\ST\STM32_USB_Device_Library\Core\Src\usbd_ctlreq.o
                0x08002d18                USBD_GetString
 .text.USBD_CtlSendData
                0x08002d50       0x1a Middlewares\ST\STM32_USB_Device_Library\Core\Src\usbd_ioreq.o
                0x08002d50                USBD_CtlSendData
 .text.USBD_CtlContinueSendData
                0x08002d6a       0x10 Middlewares\ST\STM32_USB_Device_Library\Core\Src\usbd_ioreq.o
                0x08002d6a                USBD_CtlContinueSendData
 .text.USBD_CtlPrepareRx
                0x08002d7a       0x1e Middlewares\ST\STM32_USB_Device_Library\Core\Src\usbd_ioreq.o
                0x08002d7a                USBD_CtlPrepareRx
 .text.USBD_CtlContinueRx
                0x08002d98       0x10 Middlewares\ST\STM32_USB_Device_Library\Core\Src\usbd_ioreq.o
                0x08002d98                USBD_CtlContinueRx
 .text.USBD_CtlSendStatus
                0x08002da8       0x16 Middlewares\ST\STM32_USB_Device_Library\Core\Src\usbd_ioreq.o
                0x08002da8                USBD_CtlSendStatus
 .text.USBD_CtlReceiveStatus
                0x08002dbe       0x16 Middlewares\ST\STM32_USB_Device_Library\Core\Src\usbd_ioreq.o
                0x08002dbe                USBD_CtlReceiveStatus
 .text.ProcessingReceivedData
                0x08002dd4      0x160 Src\ProcessingData.o
                0x08002dd4                ProcessingReceivedData
 .text.SystemClock_Config
                0x08002f34       0x7e Src\main.o
                0x08002f34                SystemClock_Config
 *fill*         0x08002fb2        0x2 
 .text.startup.main
                0x08002fb4      0x234 Src\main.o
                0x08002fb4                main
 .text.Error_Handler
                0x080031e8        0x2 Src\main.o
                0x080031e8                Error_Handler
 *fill*         0x080031ea        0x2 
 .text.HAL_MspInit
                0x080031ec       0x44 Src\stm32f1xx_hal_msp.o
                0x080031ec                HAL_MspInit
 .text.HAL_ADC_MspInit
                0x08003230       0x98 Src\stm32f1xx_hal_msp.o
                0x08003230                HAL_ADC_MspInit
 .text.HAL_TIM_Base_MspInit
                0x080032c8       0x28 Src\stm32f1xx_hal_msp.o
                0x080032c8                HAL_TIM_Base_MspInit
 .text.HAL_TIM_MspPostInit
                0x080032f0       0x74 Src\stm32f1xx_hal_msp.o
                0x080032f0                HAL_TIM_MspPostInit
 .text.NMI_Handler
                0x08003364        0x2 Src\stm32f1xx_it.o
                0x08003364                NMI_Handler
 .text.HardFault_Handler
                0x08003366        0x2 Src\stm32f1xx_it.o
                0x08003366                HardFault_Handler
 .text.MemManage_Handler
                0x08003368        0x2 Src\stm32f1xx_it.o
                0x08003368                MemManage_Handler
 .text.BusFault_Handler
                0x0800336a        0x2 Src\stm32f1xx_it.o
                0x0800336a                BusFault_Handler
 .text.UsageFault_Handler
                0x0800336c        0x2 Src\stm32f1xx_it.o
                0x0800336c                UsageFault_Handler
 .text.SVC_Handler
                0x0800336e        0x2 Src\stm32f1xx_it.o
                0x0800336e                SVC_Handler
 .text.DebugMon_Handler
                0x08003370        0x2 Src\stm32f1xx_it.o
                0x08003370                DebugMon_Handler
 .text.PendSV_Handler
                0x08003372        0x2 Src\stm32f1xx_it.o
                0x08003372                PendSV_Handler
 .text.SysTick_Handler
                0x08003374        0x4 Src\stm32f1xx_it.o
                0x08003374                SysTick_Handler
 .text.DMA1_Channel1_IRQHandler
                0x08003378        0xc Src\stm32f1xx_it.o
                0x08003378                DMA1_Channel1_IRQHandler
 .text.USB_LP_CAN1_RX0_IRQHandler
                0x08003384        0xc Src\stm32f1xx_it.o
                0x08003384                USB_LP_CAN1_RX0_IRQHandler
 .text.SystemInit
                0x08003390       0x4c Src\system_stm32f1xx.o
                0x08003390                SystemInit
 .text.MX_USB_DEVICE_Init
                0x080033dc       0x38 Src\usb_device.o
                0x080033dc                MX_USB_DEVICE_Init
 .text.HAL_PCD_MspInit
                0x08003414       0x3c Src\usbd_conf.o
                0x08003414                HAL_PCD_MspInit
 .text.HAL_PCD_SetupStageCallback
                0x08003450        0xc Src\usbd_conf.o
                0x08003450                HAL_PCD_SetupStageCallback
 .text.HAL_PCD_DataOutStageCallback
                0x0800345c       0x10 Src\usbd_conf.o
                0x0800345c                HAL_PCD_DataOutStageCallback
 .text.HAL_PCD_DataInStageCallback
                0x0800346c        0xe Src\usbd_conf.o
                0x0800346c                HAL_PCD_DataInStageCallback
 .text.HAL_PCD_SOFCallback
                0x0800347a        0x8 Src\usbd_conf.o
                0x0800347a                HAL_PCD_SOFCallback
 .text.HAL_PCD_ResetCallback
                0x08003482       0x1a Src\usbd_conf.o
                0x08003482                HAL_PCD_ResetCallback
 .text.HAL_PCD_SuspendCallback
                0x0800349c       0x20 Src\usbd_conf.o
                0x0800349c                HAL_PCD_SuspendCallback
 .text.HAL_PCD_ResumeCallback
                0x080034bc        0x8 Src\usbd_conf.o
                0x080034bc                HAL_PCD_ResumeCallback
 .text.USBD_LL_Init
                0x080034c4       0x74 Src\usbd_conf.o
                0x080034c4                USBD_LL_Init
 .text.USBD_LL_Start
                0x08003538       0x1c Src\usbd_conf.o
                0x08003538                USBD_LL_Start
 .text.USBD_LL_OpenEP
                0x08003554       0x20 Src\usbd_conf.o
                0x08003554                USBD_LL_OpenEP
 .text.USBD_LL_CloseEP
                0x08003574       0x1c Src\usbd_conf.o
                0x08003574                USBD_LL_CloseEP
 .text.USBD_LL_StallEP
                0x08003590       0x1c Src\usbd_conf.o
                0x08003590                USBD_LL_StallEP
 .text.USBD_LL_ClearStallEP
                0x080035ac       0x1c Src\usbd_conf.o
                0x080035ac                USBD_LL_ClearStallEP
 .text.USBD_LL_IsStallEP
                0x080035c8       0x20 Src\usbd_conf.o
                0x080035c8                USBD_LL_IsStallEP
 .text.USBD_LL_SetUSBAddress
                0x080035e8       0x1c Src\usbd_conf.o
                0x080035e8                USBD_LL_SetUSBAddress
 .text.USBD_LL_Transmit
                0x08003604       0x1c Src\usbd_conf.o
                0x08003604                USBD_LL_Transmit
 .text.USBD_LL_PrepareReceive
                0x08003620       0x1c Src\usbd_conf.o
                0x08003620                USBD_LL_PrepareReceive
 .text.USBD_static_malloc
                0x0800363c        0x8 Src\usbd_conf.o
                0x0800363c                USBD_static_malloc
 .text.USBD_static_free
                0x08003644        0x2 Src\usbd_conf.o
                0x08003644                USBD_static_free
 .text.HAL_PCDEx_SetConnectionState
                0x08003646        0x2 Src\usbd_conf.o
                0x08003646                HAL_PCDEx_SetConnectionState
 .text.CUSTOM_HID_DeInit_FS
                0x08003648        0x4 Src\usbd_custom_hid_if.o
 .text.CUSTOM_HID_OutEvent_FS
                0x0800364c       0x28 Src\usbd_custom_hid_if.o
 .text.CUSTOM_HID_Init_FS
                0x08003674        0x4 Src\usbd_custom_hid_if.o
 .text.USBD_FS_DeviceDescriptor
                0x08003678        0xc Src\usbd_desc.o
                0x08003678                USBD_FS_DeviceDescriptor
 .text.USBD_FS_LangIDStrDescriptor
                0x08003684        0xc Src\usbd_desc.o
                0x08003684                USBD_FS_LangIDStrDescriptor
 .text.USBD_FS_ManufacturerStrDescriptor
                0x08003690       0x1c Src\usbd_desc.o
                0x08003690                USBD_FS_ManufacturerStrDescriptor
 .text.USBD_FS_ProductStrDescriptor
                0x080036ac       0x1c Src\usbd_desc.o
                0x080036ac                USBD_FS_ProductStrDescriptor
 .text.USBD_FS_SerialStrDescriptor
                0x080036c8       0x1c Src\usbd_desc.o
                0x080036c8                USBD_FS_SerialStrDescriptor
 .text.USBD_FS_ConfigStrDescriptor
                0x080036e4       0x1c Src\usbd_desc.o
                0x080036e4                USBD_FS_ConfigStrDescriptor
 .text.USBD_FS_InterfaceStrDescriptor
                0x08003700       0x1c Src\usbd_desc.o
                0x08003700                USBD_FS_InterfaceStrDescriptor
 .text.Reset_Handler
                0x0800371c       0x48 startup\startup_stm32f103xb.o
                0x0800371c                Reset_Handler
 .text.Default_Handler
                0x08003764        0x2 startup\startup_stm32f103xb.o
                0x08003764                RTC_Alarm_IRQHandler
                0x08003764                EXTI2_IRQHandler
                0x08003764                TIM1_CC_IRQHandler
                0x08003764                PVD_IRQHandler
                0x08003764                EXTI3_IRQHandler
                0x08003764                EXTI0_IRQHandler
                0x08003764                I2C2_EV_IRQHandler
                0x08003764                ADC1_2_IRQHandler
                0x08003764                SPI1_IRQHandler
                0x08003764                TAMPER_IRQHandler
                0x08003764                DMA1_Channel4_IRQHandler
                0x08003764                USART3_IRQHandler
                0x08003764                RTC_IRQHandler
                0x08003764                DMA1_Channel7_IRQHandler
                0x08003764                CAN1_RX1_IRQHandler
                0x08003764                TIM4_IRQHandler
                0x08003764                I2C1_EV_IRQHandler
                0x08003764                DMA1_Channel6_IRQHandler
                0x08003764                TIM3_IRQHandler
                0x08003764                RCC_IRQHandler
                0x08003764                TIM1_TRG_COM_IRQHandler
                0x08003764                Default_Handler
                0x08003764                EXTI15_10_IRQHandler
                0x08003764                EXTI9_5_IRQHandler
                0x08003764                SPI2_IRQHandler
                0x08003764                DMA1_Channel5_IRQHandler
                0x08003764                EXTI4_IRQHandler
                0x08003764                USB_HP_CAN1_TX_IRQHandler
                0x08003764                DMA1_Channel3_IRQHandler
                0x08003764                TIM1_UP_IRQHandler
                0x08003764                WWDG_IRQHandler
                0x08003764                TIM2_IRQHandler
                0x08003764                TIM1_BRK_IRQHandler
                0x08003764                EXTI1_IRQHandler
                0x08003764                USART2_IRQHandler
                0x08003764                I2C2_ER_IRQHandler
                0x08003764                DMA1_Channel2_IRQHandler
                0x08003764                CAN1_SCE_IRQHandler
                0x08003764                FLASH_IRQHandler
                0x08003764                USART1_IRQHandler
                0x08003764                I2C1_ER_IRQHandler
                0x08003764                USBWakeUp_IRQHandler
 *fill*         0x08003766        0x2 
 .text.__libc_init_array
                0x08003768       0x48 d:/programs/truestudio for stm32 9.2.0/armtools/bin/../lib/gcc/arm-atollic-eabi/6.3.1/../../../../arm-atollic-eabi/lib/armv7-m\libc_nano.a(lib_a-init.o)
                0x08003768                __libc_init_array
 .text.memset   0x080037b0       0x10 d:/programs/truestudio for stm32 9.2.0/armtools/bin/../lib/gcc/arm-atollic-eabi/6.3.1/../../../../arm-atollic-eabi/lib/armv7-m\libc_nano.a(lib_a-memset.o)
                0x080037b0                memset
 *(.glue_7)
 .glue_7        0x080037c0        0x0 linker stubs
 *(.glue_7t)
 .glue_7t       0x080037c0        0x0 linker stubs
 *(.eh_frame)
 .eh_frame      0x080037c0        0x0 d:/programs/truestudio for stm32 9.2.0/armtools/bin/../lib/gcc/arm-atollic-eabi/6.3.1/armv7-m/crtbegin.o
 *(.init)
 .init          0x080037c0        0x4 d:/programs/truestudio for stm32 9.2.0/armtools/bin/../lib/gcc/arm-atollic-eabi/6.3.1/armv7-m/crti.o
                0x080037c0                _init
 .init          0x080037c4        0x8 d:/programs/truestudio for stm32 9.2.0/armtools/bin/../lib/gcc/arm-atollic-eabi/6.3.1/armv7-m/crtn.o
 *(.fini)
 .fini          0x080037cc        0x4 d:/programs/truestudio for stm32 9.2.0/armtools/bin/../lib/gcc/arm-atollic-eabi/6.3.1/armv7-m/crti.o
                0x080037cc                _fini
 .fini          0x080037d0        0x8 d:/programs/truestudio for stm32 9.2.0/armtools/bin/../lib/gcc/arm-atollic-eabi/6.3.1/armv7-m/crtn.o
                0x080037d8                . = ALIGN (0x4)
                0x080037d8                _etext = .

.vfp11_veneer   0x080037d8        0x0
 .vfp11_veneer  0x080037d8        0x0 linker stubs

.v4_bx          0x080037d8        0x0
 .v4_bx         0x080037d8        0x0 linker stubs

.iplt           0x080037d8        0x0
 .iplt          0x080037d8        0x0 d:/programs/truestudio for stm32 9.2.0/armtools/bin/../lib/gcc/arm-atollic-eabi/6.3.1/armv7-m/crtbegin.o

.rodata         0x080037d8       0x88
                0x080037d8                . = ALIGN (0x4)
 *(.rodata)
 .rodata        0x080037d8       0x10 Drivers\STM32F1xx_HAL_Driver\Src\stm32f1xx_hal_rcc.o
 *(.rodata*)
 .rodata.AHBPrescTable
                0x080037e8       0x10 Src\system_stm32f1xx.o
                0x080037e8                AHBPrescTable
 .rodata.CSWTCH.39
                0x080037f8        0x4 Src\usbd_conf.o
 .rodata.USBD_FS_ConfigStrDescriptor.str1.1
                0x080037fc       0x12 Src\usbd_desc.o
 .rodata.USBD_FS_InterfaceStrDescriptor.str1.1
                0x0800380e       0x15 Src\usbd_desc.o
 .rodata.USBD_FS_ManufacturerStrDescriptor.str1.1
                0x08003823       0x13 Src\usbd_desc.o
 .rodata.USBD_FS_ProductStrDescriptor.str1.1
                0x08003836       0x1d Src\usbd_desc.o
 .rodata.USBD_FS_SerialStrDescriptor.str1.1
                0x08003853        0xd Src\usbd_desc.o
                0x08003860                . = ALIGN (0x4)

.rel.dyn        0x08003860        0x0
 .rel.iplt      0x08003860        0x0 d:/programs/truestudio for stm32 9.2.0/armtools/bin/../lib/gcc/arm-atollic-eabi/6.3.1/armv7-m/crtbegin.o

.ARM.extab
 *(.ARM.extab* .gnu.linkonce.armextab.*)

.ARM            0x08003860        0x0
                0x08003860                __exidx_start = .
 *(.ARM.exidx*)
                0x08003860                __exidx_end = .

.preinit_array  0x08003860        0x0
                0x08003860                PROVIDE (__preinit_array_start, .)
 *(.preinit_array*)
                0x08003860                PROVIDE (__preinit_array_end, .)

.init_array     0x08003860        0x4
                0x08003860                PROVIDE (__init_array_start, .)
 *(SORT(.init_array.*))
 *(.init_array*)
 .init_array    0x08003860        0x4 d:/programs/truestudio for stm32 9.2.0/armtools/bin/../lib/gcc/arm-atollic-eabi/6.3.1/armv7-m/crtbegin.o
                0x08003864                PROVIDE (__init_array_end, .)

.fini_array     0x08003864        0x4
                [!provide]                PROVIDE (__fini_array_start, .)
 *(SORT(.fini_array.*))
 *(.fini_array*)
 .fini_array    0x08003864        0x4 d:/programs/truestudio for stm32 9.2.0/armtools/bin/../lib/gcc/arm-atollic-eabi/6.3.1/armv7-m/crtbegin.o
                [!provide]                PROVIDE (__fini_array_end, .)
                0x08003868                _sidata = LOADADDR (.data)

.data           0x20000000       0xf4 load address 0x08003868
                0x20000000                . = ALIGN (0x4)
                0x20000000                _sdata = .
 *(.data)
 *(.data*)
 .data.uwTickFreq
                0x20000000        0x1 Drivers\STM32F1xx_HAL_Driver\Src\stm32f1xx_hal.o
                0x20000000                uwTickFreq
 *fill*         0x20000001        0x3 
 .data.uwTickPrio
                0x20000004        0x4 Drivers\STM32F1xx_HAL_Driver\Src\stm32f1xx_hal.o
                0x20000004                uwTickPrio
 .data.USBD_CUSTOM_HID
                0x20000008       0x3c Middlewares\ST\STM32_USB_Device_Library\Class\CustomHID\Src\usbd_customhid.o
                0x20000008                USBD_CUSTOM_HID
 .data.USBD_CUSTOM_HID_CfgDesc
                0x20000044       0x29 Middlewares\ST\STM32_USB_Device_Library\Class\CustomHID\Src\usbd_customhid.o
 *fill*         0x2000006d        0x3 
 .data.USBD_CUSTOM_HID_Desc
                0x20000070        0x9 Middlewares\ST\STM32_USB_Device_Library\Class\CustomHID\Src\usbd_customhid.o
 *fill*         0x20000079        0x3 
 .data.USBD_CUSTOM_HID_DeviceQualifierDesc
                0x2000007c        0xa Middlewares\ST\STM32_USB_Device_Library\Class\CustomHID\Src\usbd_customhid.o
 *fill*         0x20000086        0x2 
 .data.SystemCoreClock
                0x20000088        0x4 Src\system_stm32f1xx.o
                0x20000088                SystemCoreClock
 .data.CUSTOM_HID_ReportDesc_FS
                0x2000008c       0x22 Src\usbd_custom_hid_if.o
 *fill*         0x200000ae        0x2 
 .data.USBD_CustomHID_fops_FS
                0x200000b0       0x10 Src\usbd_custom_hid_if.o
                0x200000b0                USBD_CustomHID_fops_FS
 .data.FS_Desc  0x200000c0       0x1c Src\usbd_desc.o
                0x200000c0                FS_Desc
 .data.USBD_FS_DeviceDesc
                0x200000dc       0x12 Src\usbd_desc.o
                0x200000dc                USBD_FS_DeviceDesc
 *fill*         0x200000ee        0x2 
 .data.USBD_LangIDDesc
                0x200000f0        0x4 Src\usbd_desc.o
                0x200000f0                USBD_LangIDDesc
                0x200000f4                . = ALIGN (0x4)
                0x200000f4                _edata = .

.igot.plt       0x200000f4        0x0 load address 0x0800395c
 .igot.plt      0x200000f4        0x0 d:/programs/truestudio for stm32 9.2.0/armtools/bin/../lib/gcc/arm-atollic-eabi/6.3.1/armv7-m/crtbegin.o
                0x200000f4                . = ALIGN (0x4)

.bss            0x200000f4      0x9a4 load address 0x0800395c
                0x200000f4                _sbss = .
                0x200000f4                __bss_start__ = _sbss
 *(.bss)
 .bss           0x200000f4       0x1c d:/programs/truestudio for stm32 9.2.0/armtools/bin/../lib/gcc/arm-atollic-eabi/6.3.1/armv7-m/crtbegin.o
 *(.bss*)
 .bss.cfgidx.8105
                0x20000110        0x1 Middlewares\ST\STM32_USB_Device_Library\Core\Src\usbd_ctlreq.o
 *fill*         0x20000111        0x3 
 .bss.mem.8243  0x20000114       0x24 Src\usbd_conf.o
 *(COMMON)
 COMMON         0x20000138        0x4 Drivers\STM32F1xx_HAL_Driver\Src\stm32f1xx_hal.o
                0x20000138                uwTick
 COMMON         0x2000013c       0x18 Src\ProcessingData.o
                0x2000013c                dataToSend
                0x20000146                dataToReceive
                0x20000150                ADC_Data
 COMMON         0x20000154       0xb4 Src\main.o
                0x20000154                htim3
                0x20000194                hadc1
                0x200001c4                hdma_adc1
 COMMON         0x20000208      0x224 Src\usb_device.o
                0x20000208                hUsbDeviceFS
 COMMON         0x2000042c      0x460 Src\usbd_conf.o
                0x2000042c                hpcd_USB_FS
 COMMON         0x2000088c        0xa Src\usbd_custom_hid_if.o
                0x2000088c                Data
 *fill*         0x20000896        0x2 
 COMMON         0x20000898      0x200 Src\usbd_desc.o
                0x20000898                USBD_StrDesc
                0x20000a98                . = ALIGN (0x4)
                0x20000a98                _ebss = .
                0x20000a98                __bss_end__ = _ebss

._user_heap_stack
                0x20000a98      0x600 load address 0x0800395c
                0x20000a98                . = ALIGN (0x4)
                [!provide]                PROVIDE (end, .)
                [!provide]                PROVIDE (_end, .)
                0x20000c98                . = (. + _Min_Heap_Size)
 *fill*         0x20000a98      0x200 
                0x20001098                . = (. + _Min_Stack_Size)
 *fill*         0x20000c98      0x400 
                0x20001098                . = ALIGN (0x4)

/DISCARD/
 libc.a(*)
 libm.a(*)
 libgcc.a(*)

.ARM.attributes
                0x00000000       0x29
 *(.ARM.attributes)
 .ARM.attributes
                0x00000000       0x1d d:/programs/truestudio for stm32 9.2.0/armtools/bin/../lib/gcc/arm-atollic-eabi/6.3.1/armv7-m/crti.o
 .ARM.attributes
                0x0000001d       0x2d d:/programs/truestudio for stm32 9.2.0/armtools/bin/../lib/gcc/arm-atollic-eabi/6.3.1/armv7-m/crtbegin.o
 .ARM.attributes
                0x0000004a       0x33 Drivers\STM32F1xx_HAL_Driver\Src\stm32f1xx_hal.o
 .ARM.attributes
                0x0000007d       0x33 Drivers\STM32F1xx_HAL_Driver\Src\stm32f1xx_hal_adc.o
 .ARM.attributes
                0x000000b0       0x33 Drivers\STM32F1xx_HAL_Driver\Src\stm32f1xx_hal_cortex.o
 .ARM.attributes
                0x000000e3       0x33 Drivers\STM32F1xx_HAL_Driver\Src\stm32f1xx_hal_dma.o
 .ARM.attributes
                0x00000116       0x33 Drivers\STM32F1xx_HAL_Driver\Src\stm32f1xx_hal_gpio.o
 .ARM.attributes
                0x00000149       0x33 Drivers\STM32F1xx_HAL_Driver\Src\stm32f1xx_hal_pcd.o
 .ARM.attributes
                0x0000017c       0x33 Drivers\STM32F1xx_HAL_Driver\Src\stm32f1xx_hal_pcd_ex.o
 .ARM.attributes
                0x000001af       0x33 Drivers\STM32F1xx_HAL_Driver\Src\stm32f1xx_hal_rcc.o
 .ARM.attributes
                0x000001e2       0x33 Drivers\STM32F1xx_HAL_Driver\Src\stm32f1xx_hal_rcc_ex.o
 .ARM.attributes
                0x00000215       0x33 Drivers\STM32F1xx_HAL_Driver\Src\stm32f1xx_hal_tim.o
 .ARM.attributes
                0x00000248       0x33 Drivers\STM32F1xx_HAL_Driver\Src\stm32f1xx_hal_tim_ex.o
 .ARM.attributes
                0x0000027b       0x33 Drivers\STM32F1xx_HAL_Driver\Src\stm32f1xx_ll_usb.o
 .ARM.attributes
                0x000002ae       0x33 Middlewares\ST\STM32_USB_Device_Library\Class\CustomHID\Src\usbd_customhid.o
 .ARM.attributes
                0x000002e1       0x33 Middlewares\ST\STM32_USB_Device_Library\Core\Src\usbd_core.o
 .ARM.attributes
                0x00000314       0x33 Middlewares\ST\STM32_USB_Device_Library\Core\Src\usbd_ctlreq.o
 .ARM.attributes
                0x00000347       0x33 Middlewares\ST\STM32_USB_Device_Library\Core\Src\usbd_ioreq.o
 .ARM.attributes
                0x0000037a       0x33 Src\ProcessingData.o
 .ARM.attributes
                0x000003ad       0x33 Src\main.o
 .ARM.attributes
                0x000003e0       0x33 Src\stm32f1xx_hal_msp.o
 .ARM.attributes
                0x00000413       0x33 Src\stm32f1xx_it.o
 .ARM.attributes
                0x00000446       0x33 Src\system_stm32f1xx.o
 .ARM.attributes
                0x00000479       0x33 Src\usb_device.o
 .ARM.attributes
                0x000004ac       0x33 Src\usbd_conf.o
 .ARM.attributes
                0x000004df       0x33 Src\usbd_custom_hid_if.o
 .ARM.attributes
                0x00000512       0x33 Src\usbd_desc.o
 .ARM.attributes
                0x00000545       0x21 startup\startup_stm32f103xb.o
 .ARM.attributes
                0x00000566       0x2d d:/programs/truestudio for stm32 9.2.0/armtools/bin/../lib/gcc/arm-atollic-eabi/6.3.1/../../../../arm-atollic-eabi/lib/armv7-m\libc_nano.a(lib_a-init.o)
 .ARM.attributes
                0x00000593       0x2d d:/programs/truestudio for stm32 9.2.0/armtools/bin/../lib/gcc/arm-atollic-eabi/6.3.1/../../../../arm-atollic-eabi/lib/armv7-m\libc_nano.a(lib_a-memset.o)
 .ARM.attributes
                0x000005c0       0x1d d:/programs/truestudio for stm32 9.2.0/armtools/bin/../lib/gcc/arm-atollic-eabi/6.3.1/armv7-m/crtn.o
OUTPUT(USB_MC.elf elf32-littlearm)

.debug_info     0x00000000    0x20c0a
 .debug_info    0x00000000      0xfc8 Drivers\STM32F1xx_HAL_Driver\Src\stm32f1xx_hal.o
 .debug_info    0x00000fc8     0x16a1 Drivers\STM32F1xx_HAL_Driver\Src\stm32f1xx_hal_adc.o
 .debug_info    0x00002669     0x14a9 Drivers\STM32F1xx_HAL_Driver\Src\stm32f1xx_hal_cortex.o
 .debug_info    0x00003b12     0x1047 Drivers\STM32F1xx_HAL_Driver\Src\stm32f1xx_hal_dma.o
 .debug_info    0x00004b59      0xec2 Drivers\STM32F1xx_HAL_Driver\Src\stm32f1xx_hal_gpio.o
 .debug_info    0x00005a1b     0x19bf Drivers\STM32F1xx_HAL_Driver\Src\stm32f1xx_hal_pcd.o
 .debug_info    0x000073da      0xe43 Drivers\STM32F1xx_HAL_Driver\Src\stm32f1xx_hal_pcd_ex.o
 .debug_info    0x0000821d     0x123d Drivers\STM32F1xx_HAL_Driver\Src\stm32f1xx_hal_rcc.o
 .debug_info    0x0000945a      0xc9d Drivers\STM32F1xx_HAL_Driver\Src\stm32f1xx_hal_rcc_ex.o
 .debug_info    0x0000a0f7     0x3bb9 Drivers\STM32F1xx_HAL_Driver\Src\stm32f1xx_hal_tim.o
 .debug_info    0x0000dcb0     0x1989 Drivers\STM32F1xx_HAL_Driver\Src\stm32f1xx_hal_tim_ex.o
 .debug_info    0x0000f639     0x1746 Drivers\STM32F1xx_HAL_Driver\Src\stm32f1xx_ll_usb.o
 .debug_info    0x00010d7f     0x1388 Middlewares\ST\STM32_USB_Device_Library\Class\CustomHID\Src\usbd_customhid.o
 .debug_info    0x00012107     0x14ac Middlewares\ST\STM32_USB_Device_Library\Core\Src\usbd_core.o
 .debug_info    0x000135b3     0x1520 Middlewares\ST\STM32_USB_Device_Library\Core\Src\usbd_ctlreq.o
 .debug_info    0x00014ad3     0x1036 Middlewares\ST\STM32_USB_Device_Library\Core\Src\usbd_ioreq.o
 .debug_info    0x00015b09     0x11d7 Src\ProcessingData.o
 .debug_info    0x00016ce0     0x202f Src\main.o
 .debug_info    0x00018d0f     0x14a9 Src\stm32f1xx_hal_msp.o
 .debug_info    0x0001a1b8     0x1082 Src\stm32f1xx_it.o
 .debug_info    0x0001b23a      0xc4d Src\system_stm32f1xx.o
 .debug_info    0x0001be87      0xec5 Src\usb_device.o
 .debug_info    0x0001cd4c     0x209b Src\usbd_conf.o
 .debug_info    0x0001ede7     0x1001 Src\usbd_custom_hid_if.o
 .debug_info    0x0001fde8      0xdc0 Src\usbd_desc.o
 .debug_info    0x00020ba8       0x62 startup\startup_stm32f103xb.o

.debug_abbrev   0x00000000     0x44b2
 .debug_abbrev  0x00000000      0x315 Drivers\STM32F1xx_HAL_Driver\Src\stm32f1xx_hal.o
 .debug_abbrev  0x00000315      0x2fb Drivers\STM32F1xx_HAL_Driver\Src\stm32f1xx_hal_adc.o
 .debug_abbrev  0x00000610      0x399 Drivers\STM32F1xx_HAL_Driver\Src\stm32f1xx_hal_cortex.o
 .debug_abbrev  0x000009a9      0x29e Drivers\STM32F1xx_HAL_Driver\Src\stm32f1xx_hal_dma.o
 .debug_abbrev  0x00000c47      0x268 Drivers\STM32F1xx_HAL_Driver\Src\stm32f1xx_hal_gpio.o
 .debug_abbrev  0x00000eaf      0x39a Drivers\STM32F1xx_HAL_Driver\Src\stm32f1xx_hal_pcd.o
 .debug_abbrev  0x00001249      0x1f5 Drivers\STM32F1xx_HAL_Driver\Src\stm32f1xx_hal_pcd_ex.o
 .debug_abbrev  0x0000143e      0x367 Drivers\STM32F1xx_HAL_Driver\Src\stm32f1xx_hal_rcc.o
 .debug_abbrev  0x000017a5      0x277 Drivers\STM32F1xx_HAL_Driver\Src\stm32f1xx_hal_rcc_ex.o
 .debug_abbrev  0x00001a1c      0x3bb Drivers\STM32F1xx_HAL_Driver\Src\stm32f1xx_hal_tim.o
 .debug_abbrev  0x00001dd7      0x30d Drivers\STM32F1xx_HAL_Driver\Src\stm32f1xx_hal_tim_ex.o
 .debug_abbrev  0x000020e4      0x31c Drivers\STM32F1xx_HAL_Driver\Src\stm32f1xx_ll_usb.o
 .debug_abbrev  0x00002400      0x2ce Middlewares\ST\STM32_USB_Device_Library\Class\CustomHID\Src\usbd_customhid.o
 .debug_abbrev  0x000026ce      0x308 Middlewares\ST\STM32_USB_Device_Library\Core\Src\usbd_core.o
 .debug_abbrev  0x000029d6      0x3aa Middlewares\ST\STM32_USB_Device_Library\Core\Src\usbd_ctlreq.o
 .debug_abbrev  0x00002d80      0x1da Middlewares\ST\STM32_USB_Device_Library\Core\Src\usbd_ioreq.o
 .debug_abbrev  0x00002f5a      0x200 Src\ProcessingData.o
 .debug_abbrev  0x0000315a      0x2fe Src\main.o
 .debug_abbrev  0x00003458      0x29a Src\stm32f1xx_hal_msp.o
 .debug_abbrev  0x000036f2      0x224 Src\stm32f1xx_it.o
 .debug_abbrev  0x00003916      0x1eb Src\system_stm32f1xx.o
 .debug_abbrev  0x00003b01      0x1e4 Src\usb_device.o
 .debug_abbrev  0x00003ce5      0x2ea Src\usbd_conf.o
 .debug_abbrev  0x00003fcf      0x256 Src\usbd_custom_hid_if.o
 .debug_abbrev  0x00004225      0x27b Src\usbd_desc.o
 .debug_abbrev  0x000044a0       0x12 startup\startup_stm32f103xb.o

.debug_loc      0x00000000     0x8ff7
 .debug_loc     0x00000000      0x11b Drivers\STM32F1xx_HAL_Driver\Src\stm32f1xx_hal.o
 .debug_loc     0x0000011b      0x873 Drivers\STM32F1xx_HAL_Driver\Src\stm32f1xx_hal_adc.o
 .debug_loc     0x0000098e      0x46b Drivers\STM32F1xx_HAL_Driver\Src\stm32f1xx_hal_cortex.o
 .debug_loc     0x00000df9      0x5d1 Drivers\STM32F1xx_HAL_Driver\Src\stm32f1xx_hal_dma.o
 .debug_loc     0x000013ca      0x36a Drivers\STM32F1xx_HAL_Driver\Src\stm32f1xx_hal_gpio.o
 .debug_loc     0x00001734      0x995 Drivers\STM32F1xx_HAL_Driver\Src\stm32f1xx_hal_pcd.o
 .debug_loc     0x000020c9       0xe0 Drivers\STM32F1xx_HAL_Driver\Src\stm32f1xx_hal_pcd_ex.o
 .debug_loc     0x000021a9      0x4c3 Drivers\STM32F1xx_HAL_Driver\Src\stm32f1xx_hal_rcc.o
 .debug_loc     0x0000266c      0x29d Drivers\STM32F1xx_HAL_Driver\Src\stm32f1xx_hal_rcc_ex.o
 .debug_loc     0x00002909     0x300c Drivers\STM32F1xx_HAL_Driver\Src\stm32f1xx_hal_tim.o
 .debug_loc     0x00005915      0x822 Drivers\STM32F1xx_HAL_Driver\Src\stm32f1xx_hal_tim_ex.o
 .debug_loc     0x00006137      0xb9c Drivers\STM32F1xx_HAL_Driver\Src\stm32f1xx_ll_usb.o
 .debug_loc     0x00006cd3      0x4fb Middlewares\ST\STM32_USB_Device_Library\Class\CustomHID\Src\usbd_customhid.o
 .debug_loc     0x000071ce      0x5f2 Middlewares\ST\STM32_USB_Device_Library\Core\Src\usbd_core.o
 .debug_loc     0x000077c0      0x804 Middlewares\ST\STM32_USB_Device_Library\Core\Src\usbd_ctlreq.o
 .debug_loc     0x00007fc4      0x23c Middlewares\ST\STM32_USB_Device_Library\Core\Src\usbd_ioreq.o
 .debug_loc     0x00008200       0x42 Src\ProcessingData.o
 .debug_loc     0x00008242       0x8f Src\stm32f1xx_hal_msp.o
 .debug_loc     0x000082d1       0xcd Src\system_stm32f1xx.o
 .debug_loc     0x0000839e      0x965 Src\usbd_conf.o
 .debug_loc     0x00008d03       0x81 Src\usbd_custom_hid_if.o
 .debug_loc     0x00008d84      0x273 Src\usbd_desc.o

.debug_aranges  0x00000000      0xd40
 .debug_aranges
                0x00000000       0xc8 Drivers\STM32F1xx_HAL_Driver\Src\stm32f1xx_hal.o
 .debug_aranges
                0x000000c8       0xc8 Drivers\STM32F1xx_HAL_Driver\Src\stm32f1xx_hal_adc.o
 .debug_aranges
                0x00000190       0x90 Drivers\STM32F1xx_HAL_Driver\Src\stm32f1xx_hal_cortex.o
 .debug_aranges
                0x00000220       0x78 Drivers\STM32F1xx_HAL_Driver\Src\stm32f1xx_hal_dma.o
 .debug_aranges
                0x00000298       0x58 Drivers\STM32F1xx_HAL_Driver\Src\stm32f1xx_hal_gpio.o
 .debug_aranges
                0x000002f0       0xc0 Drivers\STM32F1xx_HAL_Driver\Src\stm32f1xx_hal_pcd.o
 .debug_aranges
                0x000003b0       0x28 Drivers\STM32F1xx_HAL_Driver\Src\stm32f1xx_hal_pcd_ex.o
 .debug_aranges
                0x000003d8       0x88 Drivers\STM32F1xx_HAL_Driver\Src\stm32f1xx_hal_rcc.o
 .debug_aranges
                0x00000460       0x30 Drivers\STM32F1xx_HAL_Driver\Src\stm32f1xx_hal_rcc_ex.o
 .debug_aranges
                0x00000490      0x250 Drivers\STM32F1xx_HAL_Driver\Src\stm32f1xx_hal_tim.o
 .debug_aranges
                0x000006e0       0xe8 Drivers\STM32F1xx_HAL_Driver\Src\stm32f1xx_hal_tim_ex.o
 .debug_aranges
                0x000007c8       0xe0 Drivers\STM32F1xx_HAL_Driver\Src\stm32f1xx_ll_usb.o
 .debug_aranges
                0x000008a8       0x68 Middlewares\ST\STM32_USB_Device_Library\Class\CustomHID\Src\usbd_customhid.o
 .debug_aranges
                0x00000910       0xa8 Middlewares\ST\STM32_USB_Device_Library\Core\Src\usbd_core.o
 .debug_aranges
                0x000009b8       0x50 Middlewares\ST\STM32_USB_Device_Library\Core\Src\usbd_ctlreq.o
 .debug_aranges
                0x00000a08       0x50 Middlewares\ST\STM32_USB_Device_Library\Core\Src\usbd_ioreq.o
 .debug_aranges
                0x00000a58       0x20 Src\ProcessingData.o
 .debug_aranges
                0x00000a78       0x30 Src\main.o
 .debug_aranges
                0x00000aa8       0x48 Src\stm32f1xx_hal_msp.o
 .debug_aranges
                0x00000af0       0x58 Src\stm32f1xx_it.o
 .debug_aranges
                0x00000b48       0x28 Src\system_stm32f1xx.o
 .debug_aranges
                0x00000b70       0x20 Src\usb_device.o
 .debug_aranges
                0x00000b90      0x110 Src\usbd_conf.o
 .debug_aranges
                0x00000ca0       0x28 Src\usbd_custom_hid_if.o
 .debug_aranges
                0x00000cc8       0x50 Src\usbd_desc.o
 .debug_aranges
                0x00000d18       0x28 startup\startup_stm32f103xb.o

.debug_ranges   0x00000000     0x1250
 .debug_ranges  0x00000000       0xb8 Drivers\STM32F1xx_HAL_Driver\Src\stm32f1xx_hal.o
 .debug_ranges  0x000000b8       0xb8 Drivers\STM32F1xx_HAL_Driver\Src\stm32f1xx_hal_adc.o
 .debug_ranges  0x00000170      0x128 Drivers\STM32F1xx_HAL_Driver\Src\stm32f1xx_hal_cortex.o
 .debug_ranges  0x00000298       0xa8 Drivers\STM32F1xx_HAL_Driver\Src\stm32f1xx_hal_dma.o
 .debug_ranges  0x00000340       0x60 Drivers\STM32F1xx_HAL_Driver\Src\stm32f1xx_hal_gpio.o
 .debug_ranges  0x000003a0      0x118 Drivers\STM32F1xx_HAL_Driver\Src\stm32f1xx_hal_pcd.o
 .debug_ranges  0x000004b8       0x18 Drivers\STM32F1xx_HAL_Driver\Src\stm32f1xx_hal_pcd_ex.o
 .debug_ranges  0x000004d0       0xa0 Drivers\STM32F1xx_HAL_Driver\Src\stm32f1xx_hal_rcc.o
 .debug_ranges  0x00000570       0x40 Drivers\STM32F1xx_HAL_Driver\Src\stm32f1xx_hal_rcc_ex.o
 .debug_ranges  0x000005b0      0x340 Drivers\STM32F1xx_HAL_Driver\Src\stm32f1xx_hal_tim.o
 .debug_ranges  0x000008f0       0xd8 Drivers\STM32F1xx_HAL_Driver\Src\stm32f1xx_hal_tim_ex.o
 .debug_ranges  0x000009c8      0x260 Drivers\STM32F1xx_HAL_Driver\Src\stm32f1xx_ll_usb.o
 .debug_ranges  0x00000c28       0x58 Middlewares\ST\STM32_USB_Device_Library\Class\CustomHID\Src\usbd_customhid.o
 .debug_ranges  0x00000c80       0x98 Middlewares\ST\STM32_USB_Device_Library\Core\Src\usbd_core.o
 .debug_ranges  0x00000d18       0xc0 Middlewares\ST\STM32_USB_Device_Library\Core\Src\usbd_ctlreq.o
 .debug_ranges  0x00000dd8       0x40 Middlewares\ST\STM32_USB_Device_Library\Core\Src\usbd_ioreq.o
 .debug_ranges  0x00000e18       0x10 Src\ProcessingData.o
 .debug_ranges  0x00000e28      0x108 Src\main.o
 .debug_ranges  0x00000f30       0xf8 Src\stm32f1xx_hal_msp.o
 .debug_ranges  0x00001028       0x48 Src\stm32f1xx_it.o
 .debug_ranges  0x00001070       0x18 Src\system_stm32f1xx.o
 .debug_ranges  0x00001088       0x10 Src\usb_device.o
 .debug_ranges  0x00001098      0x128 Src\usbd_conf.o
 .debug_ranges  0x000011c0       0x30 Src\usbd_custom_hid_if.o
 .debug_ranges  0x000011f0       0x40 Src\usbd_desc.o
 .debug_ranges  0x00001230       0x20 startup\startup_stm32f103xb.o

.debug_line     0x00000000     0x801e
 .debug_line    0x00000000      0x426 Drivers\STM32F1xx_HAL_Driver\Src\stm32f1xx_hal.o
 .debug_line    0x00000426      0x833 Drivers\STM32F1xx_HAL_Driver\Src\stm32f1xx_hal_adc.o
 .debug_line    0x00000c59      0x430 Drivers\STM32F1xx_HAL_Driver\Src\stm32f1xx_hal_cortex.o
 .debug_line    0x00001089      0x656 Drivers\STM32F1xx_HAL_Driver\Src\stm32f1xx_hal_dma.o
 .debug_line    0x000016df      0x425 Drivers\STM32F1xx_HAL_Driver\Src\stm32f1xx_hal_gpio.o
 .debug_line    0x00001b04      0x6c9 Drivers\STM32F1xx_HAL_Driver\Src\stm32f1xx_hal_pcd.o
 .debug_line    0x000021cd      0x2c6 Drivers\STM32F1xx_HAL_Driver\Src\stm32f1xx_hal_pcd_ex.o
 .debug_line    0x00002493      0x600 Drivers\STM32F1xx_HAL_Driver\Src\stm32f1xx_hal_rcc.o
 .debug_line    0x00002a93      0x393 Drivers\STM32F1xx_HAL_Driver\Src\stm32f1xx_hal_rcc_ex.o
 .debug_line    0x00002e26     0x1126 Drivers\STM32F1xx_HAL_Driver\Src\stm32f1xx_hal_tim.o
 .debug_line    0x00003f4c      0x6c8 Drivers\STM32F1xx_HAL_Driver\Src\stm32f1xx_hal_tim_ex.o
 .debug_line    0x00004614      0x5ef Drivers\STM32F1xx_HAL_Driver\Src\stm32f1xx_ll_usb.o
 .debug_line    0x00004c03      0x4a0 Middlewares\ST\STM32_USB_Device_Library\Class\CustomHID\Src\usbd_customhid.o
 .debug_line    0x000050a3      0x4e1 Middlewares\ST\STM32_USB_Device_Library\Core\Src\usbd_core.o
 .debug_line    0x00005584      0x462 Middlewares\ST\STM32_USB_Device_Library\Core\Src\usbd_ctlreq.o
 .debug_line    0x000059e6      0x377 Middlewares\ST\STM32_USB_Device_Library\Core\Src\usbd_ioreq.o
 .debug_line    0x00005d5d      0x3d1 Src\ProcessingData.o
 .debug_line    0x0000612e      0x517 Src\main.o
 .debug_line    0x00006645      0x389 Src\stm32f1xx_hal_msp.o
 .debug_line    0x000069ce      0x31a Src\stm32f1xx_it.o
 .debug_line    0x00006ce8      0x286 Src\system_stm32f1xx.o
 .debug_line    0x00006f6e      0x355 Src\usb_device.o
 .debug_line    0x000072c3      0x610 Src\usbd_conf.o
 .debug_line    0x000078d3      0x377 Src\usbd_custom_hid_if.o
 .debug_line    0x00007c4a      0x357 Src\usbd_desc.o
 .debug_line    0x00007fa1       0x7d startup\startup_stm32f103xb.o

.debug_str      0x00000000     0x4965
 .debug_str     0x00000000      0xbb1 Drivers\STM32F1xx_HAL_Driver\Src\stm32f1xx_hal.o
                                0xc58 (size before relaxing)
 .debug_str     0x00000bb1      0x668 Drivers\STM32F1xx_HAL_Driver\Src\stm32f1xx_hal_adc.o
                                0xd74 (size before relaxing)
 .debug_str     0x00001219      0x2e1 Drivers\STM32F1xx_HAL_Driver\Src\stm32f1xx_hal_cortex.o
                                0xd80 (size before relaxing)
 .debug_str     0x000014fa      0x220 Drivers\STM32F1xx_HAL_Driver\Src\stm32f1xx_hal_dma.o
                                0xae4 (size before relaxing)
 .debug_str     0x0000171a      0x1c4 Drivers\STM32F1xx_HAL_Driver\Src\stm32f1xx_hal_gpio.o
                                0x8ed (size before relaxing)
 .debug_str     0x000018de      0x797 Drivers\STM32F1xx_HAL_Driver\Src\stm32f1xx_hal_pcd.o
                                0xee7 (size before relaxing)
 .debug_str     0x00002075       0x57 Drivers\STM32F1xx_HAL_Driver\Src\stm32f1xx_hal_pcd_ex.o
                                0xa12 (size before relaxing)
 .debug_str     0x000020cc      0x317 Drivers\STM32F1xx_HAL_Driver\Src\stm32f1xx_hal_rcc.o
                                0xacb (size before relaxing)
 .debug_str     0x000023e3      0x110 Drivers\STM32F1xx_HAL_Driver\Src\stm32f1xx_hal_rcc_ex.o
                                0x8a8 (size before relaxing)
 .debug_str     0x000024f3      0xf05 Drivers\STM32F1xx_HAL_Driver\Src\stm32f1xx_hal_tim.o
                               0x181c (size before relaxing)
 .debug_str     0x000033f8      0x4f1 Drivers\STM32F1xx_HAL_Driver\Src\stm32f1xx_hal_tim_ex.o
                               0x10be (size before relaxing)
 .debug_str     0x000038e9      0x155 Drivers\STM32F1xx_HAL_Driver\Src\stm32f1xx_ll_usb.o
                                0xbe5 (size before relaxing)
 .debug_str     0x00003a3e      0x694 Middlewares\ST\STM32_USB_Device_Library\Class\CustomHID\Src\usbd_customhid.o
                                0xdaa (size before relaxing)
 .debug_str     0x000040d2      0x2a0 Middlewares\ST\STM32_USB_Device_Library\Core\Src\usbd_core.o
                                0xd03 (size before relaxing)
 .debug_str     0x00004372      0x11b Middlewares\ST\STM32_USB_Device_Library\Core\Src\usbd_ctlreq.o
                                0xc31 (size before relaxing)
 .debug_str     0x0000448d       0x67 Middlewares\ST\STM32_USB_Device_Library\Core\Src\usbd_ioreq.o
                                0xb5e (size before relaxing)
 .debug_str     0x000044f4       0x75 Src\ProcessingData.o
                                0xbb5 (size before relaxing)
 .debug_str     0x00004569       0xbe Src\main.o
                               0x1749 (size before relaxing)
 .debug_str     0x00004627       0x25 Src\stm32f1xx_hal_msp.o
                                0xd02 (size before relaxing)
 .debug_str     0x0000464c       0xe6 Src\stm32f1xx_it.o
                                0xc14 (size before relaxing)
 .debug_str     0x00004732       0x4d Src\system_stm32f1xx.o
                                0x756 (size before relaxing)
 .debug_str     0x0000477f       0x14 Src\usb_device.o
                                0xb14 (size before relaxing)
 .debug_str     0x00004793       0x46 Src\usbd_conf.o
                               0x15fe (size before relaxing)
 .debug_str     0x000047d9       0x7e Src\usbd_custom_hid_if.o
                                0xc0f (size before relaxing)
 .debug_str     0x00004857      0x10e Src\usbd_desc.o
                                0x8be (size before relaxing)

.comment        0x00000000       0x7c
 .comment       0x00000000       0x7c Drivers\STM32F1xx_HAL_Driver\Src\stm32f1xx_hal.o
                                 0x7d (size before relaxing)
 .comment       0x0000007c       0x7d Drivers\STM32F1xx_HAL_Driver\Src\stm32f1xx_hal_adc.o
 .comment       0x0000007c       0x7d Drivers\STM32F1xx_HAL_Driver\Src\stm32f1xx_hal_cortex.o
 .comment       0x0000007c       0x7d Drivers\STM32F1xx_HAL_Driver\Src\stm32f1xx_hal_dma.o
 .comment       0x0000007c       0x7d Drivers\STM32F1xx_HAL_Driver\Src\stm32f1xx_hal_gpio.o
 .comment       0x0000007c       0x7d Drivers\STM32F1xx_HAL_Driver\Src\stm32f1xx_hal_pcd.o
 .comment       0x0000007c       0x7d Drivers\STM32F1xx_HAL_Driver\Src\stm32f1xx_hal_pcd_ex.o
 .comment       0x0000007c       0x7d Drivers\STM32F1xx_HAL_Driver\Src\stm32f1xx_hal_rcc.o
 .comment       0x0000007c       0x7d Drivers\STM32F1xx_HAL_Driver\Src\stm32f1xx_hal_rcc_ex.o
 .comment       0x0000007c       0x7d Drivers\STM32F1xx_HAL_Driver\Src\stm32f1xx_hal_tim.o
 .comment       0x0000007c       0x7d Drivers\STM32F1xx_HAL_Driver\Src\stm32f1xx_hal_tim_ex.o
 .comment       0x0000007c       0x7d Drivers\STM32F1xx_HAL_Driver\Src\stm32f1xx_ll_usb.o
 .comment       0x0000007c       0x7d Middlewares\ST\STM32_USB_Device_Library\Class\CustomHID\Src\usbd_customhid.o
 .comment       0x0000007c       0x7d Middlewares\ST\STM32_USB_Device_Library\Core\Src\usbd_core.o
 .comment       0x0000007c       0x7d Middlewares\ST\STM32_USB_Device_Library\Core\Src\usbd_ctlreq.o
 .comment       0x0000007c       0x7d Middlewares\ST\STM32_USB_Device_Library\Core\Src\usbd_ioreq.o
 .comment       0x0000007c       0x7d Src\ProcessingData.o
 .comment       0x0000007c       0x7d Src\main.o
 .comment       0x0000007c       0x7d Src\stm32f1xx_hal_msp.o
 .comment       0x0000007c       0x7d Src\stm32f1xx_it.o
 .comment       0x0000007c       0x7d Src\system_stm32f1xx.o
 .comment       0x0000007c       0x7d Src\usb_device.o
 .comment       0x0000007c       0x7d Src\usbd_conf.o
 .comment       0x0000007c       0x7d Src\usbd_custom_hid_if.o
 .comment       0x0000007c       0x7d Src\usbd_desc.o

.debug_frame    0x00000000     0x2418
 .debug_frame   0x00000000      0x1b0 Drivers\STM32F1xx_HAL_Driver\Src\stm32f1xx_hal.o
 .debug_frame   0x000001b0      0x298 Drivers\STM32F1xx_HAL_Driver\Src\stm32f1xx_hal_adc.o
 .debug_frame   0x00000448      0x120 Drivers\STM32F1xx_HAL_Driver\Src\stm32f1xx_hal_cortex.o
 .debug_frame   0x00000568      0x144 Drivers\STM32F1xx_HAL_Driver\Src\stm32f1xx_hal_dma.o
 .debug_frame   0x000006ac       0xd4 Drivers\STM32F1xx_HAL_Driver\Src\stm32f1xx_hal_gpio.o
 .debug_frame   0x00000780      0x2c4 Drivers\STM32F1xx_HAL_Driver\Src\stm32f1xx_hal_pcd.o
 .debug_frame   0x00000a44       0x30 Drivers\STM32F1xx_HAL_Driver\Src\stm32f1xx_hal_pcd_ex.o
 .debug_frame   0x00000a74      0x150 Drivers\STM32F1xx_HAL_Driver\Src\stm32f1xx_hal_rcc.o
 .debug_frame   0x00000bc4       0x6c Drivers\STM32F1xx_HAL_Driver\Src\stm32f1xx_hal_rcc_ex.o
 .debug_frame   0x00000c30      0x854 Drivers\STM32F1xx_HAL_Driver\Src\stm32f1xx_hal_tim.o
 .debug_frame   0x00001484      0x320 Drivers\STM32F1xx_HAL_Driver\Src\stm32f1xx_hal_tim_ex.o
 .debug_frame   0x000017a4      0x22c Drivers\STM32F1xx_HAL_Driver\Src\stm32f1xx_ll_usb.o
 .debug_frame   0x000019d0       0xec Middlewares\ST\STM32_USB_Device_Library\Class\CustomHID\Src\usbd_customhid.o
 .debug_frame   0x00001abc      0x1c0 Middlewares\ST\STM32_USB_Device_Library\Core\Src\usbd_core.o
 .debug_frame   0x00001c7c       0xcc Middlewares\ST\STM32_USB_Device_Library\Core\Src\usbd_ctlreq.o
 .debug_frame   0x00001d48       0xb8 Middlewares\ST\STM32_USB_Device_Library\Core\Src\usbd_ioreq.o
 .debug_frame   0x00001e00       0x30 Src\ProcessingData.o
 .debug_frame   0x00001e30       0x5c Src\main.o
 .debug_frame   0x00001e8c       0xb0 Src\stm32f1xx_hal_msp.o
 .debug_frame   0x00001f3c       0xc0 Src\stm32f1xx_it.o
 .debug_frame   0x00001ffc       0x30 Src\system_stm32f1xx.o
 .debug_frame   0x0000202c       0x2c Src\usb_device.o
 .debug_frame   0x00002058      0x284 Src\usbd_conf.o
 .debug_frame   0x000022dc       0x48 Src\usbd_custom_hid_if.o
 .debug_frame   0x00002324       0xa8 Src\usbd_desc.o
 .debug_frame   0x000023cc       0x2c d:/programs/truestudio for stm32 9.2.0/armtools/bin/../lib/gcc/arm-atollic-eabi/6.3.1/../../../../arm-atollic-eabi/lib/armv7-m\libc_nano.a(lib_a-init.o)
 .debug_frame   0x000023f8       0x20 d:/programs/truestudio for stm32 9.2.0/armtools/bin/../lib/gcc/arm-atollic-eabi/6.3.1/../../../../arm-atollic-eabi/lib/armv7-m\libc_nano.a(lib_a-memset.o)
